// Jest Snapshot v1, https://goo.gl/fbAQLP

exports[`<StepList /> spec Snapshot test 1`] = `
<div
  class="step-list"
  data-testid="step-list"
>
  <div
    class="step-list__item"
  >
    <div
      class="step-list__number"
    >
      1
    </div>
    Carrinho
    <div
      class="step-list__separator"
    >
      <svg
        aria-hidden="true"
        class="svg-inline--fa fa-angle-right fa-w-8 fa-lg "
        data-icon="angle-right"
        data-prefix="fas"
        focusable="false"
        role="img"
        viewBox="0 0 256 512"
        xmlns="http://www.w3.org/2000/svg"
      >
        <path
          d="M224.3 273l-136 136c-9.4 9.4-24.6 9.4-33.9 0l-22.6-22.6c-9.4-9.4-9.4-24.6 0-33.9l96.4-96.4-96.4-96.4c-9.4-9.4-9.4-24.6 0-33.9L54.3 103c9.4-9.4 24.6-9.4 33.9 0l136 136c9.5 9.4 9.5 24.6.1 34z"
          fill="currentColor"
        />
      </svg>
    </div>
  </div>
  <div
    class="step-list__item"
  >
    <div
      class="step-list__number"
    >
      2
    </div>
    Pagamento
    <div
      class="step-list__separator"
    >
      <svg
        aria-hidden="true"
        class="svg-inline--fa fa-angle-right fa-w-8 fa-lg "
        data-icon="angle-right"
        data-prefix="fas"
        focusable="false"
        role="img"
        viewBox="0 0 256 512"
        xmlns="http://www.w3.org/2000/svg"
      >
        <path
          d="M224.3 273l-136 136c-9.4 9.4-24.6 9.4-33.9 0l-22.6-22.6c-9.4-9.4-9.4-24.6 0-33.9l96.4-96.4-96.4-96.4c-9.4-9.4-9.4-24.6 0-33.9L54.3 103c9.4-9.4 24.6-9.4 33.9 0l136 136c9.5 9.4 9.5 24.6.1 34z"
          fill="currentColor"
        />
      </svg>
    </div>
  </div>
  <div
    class="step-list__item"
  >
    <div
      class="step-list__number"
    >
      3
    </div>
    Confirmação
  </div>
</div>
`;
